<testsuites id="" name="" tests="2" failures="0" skipped="0" errors="0" time="7.031275999963284">
<testsuite name="example.spec.ts" timestamp="1669656408390" hostname="" tests="2" failures="0" skipped="0" time="7.707" errors="0">
<testcase name="basic test" classname="[chromium] › example.spec.ts › basic test" time="3.52">
</testcase>
<testcase name="homepage has title and links to intro page" classname="[chromium] › example.spec.ts › homepage has title and links to intro page" time="4.187">
</testcase>
</testsuite>
</testsuites>